app/learner/achievements/page.tsx(30,1): error TS1003: Identifier expected.
app/learner/practice/pronunciation/page.tsx(29,1): error TS1003: Identifier expected.
app/learner/profile/page.tsx(34,1): error TS1003: Identifier expected.
